"~*2icommerce" true;
"~*ABACHOBot" true;
"~*AbiLogicBot" true;
"~*Accoona" true;
"~*ActiveTouristBot" true;
"~*AddSugarSpiderBot" true;
"~*adressendeutschland" true;
"~*aipbot" true;
"~*Alexibot" true;
"~*Alligator" true;
"~*AllSubmitter" true;
"~*almaden" true;
"~*Amaya" true;
"~*anarchie" true;
"~*Anonymous" true;
"~*AnyApexBot" true;
"~*Apexoo" true;
"~*AppEngine-Google" true;
"~*Aqua_Products" true;
"~*Arachmo" true;
"~*ASSORT" true;
"~*asterias" true;
"~*ATHENS" true;
"~*AtHome" true;
"~*Atomz" true;
"~*attache" true;
"~*autoemailspider" true;
"~*autohttp" true;
"~*b2w" true;
"~*BackDoorBot" true;
"~*Badass" true;
"~*Baiduspider" true;
"~*BecomeBot" true;
"~*berts" true;
"~*BeslistBot" true;
"~*bew" true;
"~*BillyBobBot" true;
"~*Bimbot" true;
"~*Bingbot" true;
"~*BinGet" true;
"~*Bitacle" true;
"~*Biz360" true;
"~*Black.Hole" true;
"~*BlackWidow" true;
"~*bladder fusion" true;
"~*B-l-i-t-z-B-O-T" true;
"~*BlitzBOT" true;
"~*Blog Checker" true;
"~*BlogPeople" true;
"~*Blogshares Spiders" true;
"~*Bloodhound" true;
"~*BlowFish" true;
"~*Board Bot" true;
"~*boitho.com-dc" true;
"~*boitho.com-robot" true;
"~*Bookmark search tool" true;
"~*BotALot" true;
"~*Bot mailto:craftbot@yahoo.com" true;
"~*BotRightHere" true;
"~*Bropwers" true;
"~*Browsezilla" true;
"~*btbot" true;
"~*BuiltBotTough" true;
"~*Bullseye" true;
"~*BunnySlippers" true;
"~*CatchBot" true;
"~*Cegbfeieh" true;
"~*Cerberian Drtrs" true;
"~*CFNetwork" true;
"~*Charlotte" true;
"~*CheeseBot" true;
"~*CherryPicker" true;
"~*ChinaClaw" true;
"~*Cocoal.icio.us" true;
"~*Convera" true;
"~*Copernic" true;
"~*CopyRightCheck" true;
"~*cosmos" true;
"~*Covario IDS" true;
"~*Crescent" true;
"~*c-spider" true;
"~*curl" true;
"~*Custo" true;
"~*Cyberz" true;
"~*DataCha0s" true;
"~*DataparkSearch" true;
"~*Daum" true;
"~*Deweb" true;
"~*DiamondBot" true;
"~*Digger" true;
"~*Digimarc" true;
"~*digout4uagent" true;
"~*DIIbot" true;
"~*Discobot" true;
"~*DISCo" true;
"~*DittoSpyder" true;
"~*DnloadMage" true;
"~*DomainsDB.net MetaCrawler" true;
"~*Dotbot" true;
"~*Download" true;
"~*dragonfly" true;
"~*DreamPassport" true;
"~*DSurf" true;
"~*DTS Agent" true;
"~*dumbot" true;
"~*DynaWeb" true;
"~*EARTHCOM.info" true;
"~*EasyDL" true;
"~*EBrowse" true;
"~*eCatch" true;
"~*e-collector" true;
"~*ecollector" true;
"~*edgeio" true;
"~*efp@gmx.net" true;
"~*EirGrabber" true;
"~*EmailCollector" true;
"~*Email Extractor" true;
"~*EmailSiphon" true;
"~*EmailWolf" true;
"~*EmeraldShield" true;
"~*Enterprise_Search" true;
"~*envolk[ITS]spider" true;
"~*EroCrawler" true;
"~*EsperanzaBot" true;
"~*ESurf" true;
"~*Eval" true;
"~*Everest-Vulcan" true;
"~*Exabot" true;
"~*Express" true;
"~*Extractor" true;
"~*EyeNetIE" true;
"~*Facebook" true;
"~*FairAd" true;
"~*FAST Enterprise Crawler" true;
"~*fastlwspider" true;
"~*FAST-WebCrawler" true;
"~*FDSE robot" true;
"~*fetch" true;
"~*FEZhead" true;
"~*FileHound" true;
"~*findlinks" true;
"~*Flaming AttackBot" true;
"~*FlashGet" true;
"~*FlickBot" true;
"~*Foobot" true;
"~*Forex" true;
"~*Franklin Locator" true;
"~*FreshDownload" true;
"~*FrontPage" true;
"~*FSurf" true;
"~*FurlBot" true;
"~*FyberSpider" true;
"~*g2crawler" true;
"~*Gaisbot" true;
"~*GalaxyBot" true;
"~*Gamespy_Arcade" true;
"~*genieBot" true;
"~*GetBot" true;
"~*Getleft" true;
"~*GetRight" true;
"~*GetWeb!" true;
"~*Gigabot" true;
"~*Girafabot" true;
"~*Go-Ahead-Got-It" true;
"~*GOFORITBOT" true;
"~*Googlebot" true;
"~*Go!Zilla" true;
"~*gPodder" true;
"~*GrabNet" true;
"~*Grafula" true;
"~*grub" true;
"~*GSiteCrawler" true;
"~*GurujiBot" true;
"~*HappyFunBot" true;
"~*Harvest" true;
"~*Hatena Antenna" true;
"~*heritrix" true;
"~*hl_ftien_spider" true;
"~*HLoader" true;
"~*HMView" true;
"~*holmes" true;
"~*HooWWWer" true;
"~*HouxouCrawler" true;
"~*htdig" true;
"~*HTTPGet" true;
"~*httplib" true;
"~*HTTPRetriever" true;
"~*http://www.80legs.com" true;
"~*HTTrack" true;
"~*humanlinks" true;
"~*ia_archiver" true;
"~*iaskspider" true;
"~*IBM_Planetwide" true;
"~*iCCrawler" true;
"~*ichiro" true;
"~*igdeSpyder" true;
"~*iGetter" true;
"~*imagefetch" true;
"~*Image Stripper" true;
"~*Image Sucker" true;
"~*imds_monitor" true;
"~*IncyWincy" true;
"~*Industry Program" true;
"~*Indy" true;
"~*InetURL" true;
"~*InfoNaviRobot" true;
"~*InstallShield DigitalWizard" true;
"~*InterGET" true;
"~*IRLbot" true;
"~*Iron33" true;
"~*ISSpider" true;
"~*IssueCrawler" true;
"~*iTunes" true;
"~*IUPUI Research Bot" true;
"~*Jakarta" true;
"~*Java" true;
"~*Jaxified Bot" true;
"~*JBH Agent" true;
"~*JennyBot" true;
"~*JetCar" true;
"~*jeteye" true;
"~*JoBo" true;
"~*JOC Web Spider" true;
"~*Jyxobot" true;
"~*Kapere" true;
"~*Kenjin" true;
"~*Keyword Density" true;
"~*KoepaBot" true;
"~*KRetrieve" true;
"~*ksoap" true;
"~*KWebGet" true;
"~*LapozzBot" true;
"~*larbin" true;
"~*LDSpider" true;
"~*leech" true;
"~*leipzig.de" true;
"~*LexiBot" true;
"~*LexxeBot" true;
"~*libWeb" true;
"~*libwww-FM" true;
"~*libwww-perl" true;
"~*LightningDownload" true;
"~*Linguee Bot" true;
"~*LinkExaminer" true;
"~*LinkextractorPro" true;
"~*Linkie" true;
"~*LinkScan" true;
"~*LinksManager.com_bot" true;
"~*linktiger" true;
"~*Link Valet" true;
"~*Link Validity Check" true;
"~*LinkWalker" true;
"~*lmcrawler" true;
"~*lmspider" true;
"~*LNSpiderguy" true;
"~*LocalcomBot" true;
"~*looksmart" true;
"~*L.webis" true;
"~*lwp-trivial" true;
"~*mabontland" true;
"~*Mac Finder" true;
"~*magpie-crawler" true;
"~*Mail Sweeper" true;
"~*mark.blonin" true;
"~*MaSagool" true;
"~*Mass" true;
"~*Mata Hari" true;
"~*MCspider" true;
"~*Mediapartners-Google" true;
"~*MetaProducts Download Express" true;
"~*MetaURI" true;
"~*Microsoft Data Access" true;
"~*Microsoft URL Control" true;
"~*MIDown" true;
"~*MIIxpc" true;
"~*Mirror" true;
"~*Missauga" true;
"~*Missouri College Browse" true;
"~*Mister" true;
"~*MJ12bot" true;
"~*mkdb" true;
"~*MLBot" true;
"~*Mnogosearch" true;
"~*moget" true;
"~*mogimogi" true;
"~*MojeekBot" true;
"~*Mojoo Robot" true;
"~*Monster" true;
"~*Moreoverbot" true;
"~*Morning Paper" true;
"~*mothra/netscan" true;
"~*MovableType" true;
"~*Mozilla/22" true;
"~*Mozilla/3.0 (compatible)" true;
"~*Mozilla/5.0 (compatible MSIE 5.0) true" true;
"~*Mozi!" true;
"~*MSIE_6.0" true;
"~*MSIECrawler" true;
"~*msnbot" true;
"~*MSProxy" true;
"~*MSRBot" true;
"~*MT-NewsWatcher" true;
"~*MVAClient" true;
"~*mxbot" true;
"~*MyFamilyBot" true;
"~*MyGetRight" true;
"~*nameprotect" true;
"~*NASA Search" true;
"~*Naver" true;
"~*Navroad" true;
"~*NearSite" true;
"~*NetAnts" true;
"~*netattache" true;
"~*NetCarta" true;
"~*NetMechanic" true;
"~*NetResearchServer" true;
"~*NetSeer Crawler" true;
"~*NetSpider" true;
"~*Net Vampire" true;
"~*NetZIP" true;
"~*NewsGator" true;
"~*NEWT ActiveX" true;
"~*Nextopia" true;
"~*NG-Search" true;
"~*nicebot" true;
"~*NICErsPRO" true;
"~*NimbleCrawler" true;
"~*ninja" true;
"~*Nitro PDF" true;
"~*Notifixious" true;
"~*noxtrumbot" true;
"~*NPBot" true;
"~*Nusearch Spider" true;
"~*NutchCVS" true;
"~*Nutch" true;
"~*Nymesis" true;
"~*obot" true;
"~*Octopus" true;
"~*oegp" true;
"~*Offline Explorer" true;
"~*OK Mozilla" true;
"~*omgilibot" true;
"~*OmniExplorer" true;
"~*online link validator" true;
"~*OOZBOT" true;
"~*OpaL" true;
"~*Openbot" true;
"~*Openfind" true;
"~*OpenTextSiteCrawler" true;
"~*Oracle Ultra Search" true;
"~*Orbiter" true;
"~*OutfoxBot" true;
"~*P3P" true;
"~*PackRat" true;
"~*PageBitesHyperBot" true;
"~*PageGrabber" true;
"~*PagmIEDownload" true;
"~*panscient" true;
"~*Papa Foto" true;
"~*pavuk" true;
"~*pcBrowser" true;
"~*Peach" true;
"~*Peew" true;
"~*perl" true;
"~*PerMan" true;
"~*PersonaPilot" true;
"~*PHP" true;
"~*PlantyNet_WebRobot" true;
"~*playstarmusic" true;
"~*Ploetz + Zeller" true;
"~*Plucker" true;
"~*polybot" true;
"~*Pompos" true;
"~*Port Huron" true;
"~*PostPost" true;
"~*Program Shareware" true;
"~*Progressive Download" true;
"~*ProPowerBot" true;
"~*prospector" true;
"~*ProWebWalker" true;
"~*Prozilla" true;
"~*psbot" true;
"~*psycheclone" true;
"~*puf" true;
"~*PushSite" true;
"~*PussyCat" true;
"~*PuxaRapido" true;
"~*pxyscand" true;
"~*PycURL" true;
"~*Python-urllib" true;
"~*Qseero" true;
"~*QuepasaCreep" true;
"~*QueryN" true;
"~*Radian6" true;
"~*Radiation" true;
"~*RAMPyBot" true;
"~*RealDownload" true;
"~*Reciprocal Link System PRO" true;
"~*RedCarpet" true;
"~*RedKernel" true;
"~*ReGet" true;
"~*relevantnoise" true;
"~*REL Link Checker Lite" true;
"~*RepoMonkey" true;
"~*RMA" true;
"~*Rover" true;
"~*Rsync" true;
"~*RTG30" true;
"~*Rufus" true;
"~*SandCrawler" true;
"~*SAPO" true;
"~*SBIder" true;
"~*scooter" true;
"~*ScoutAbout" true;
"~*ScoutJet" true;
"~*script" true;
"~*Scrubby" true;
"~*searchpreview" true;
"~*SearchSight" true;
"~*searchterms" true;
"~*Seekbot" true;
"~*semanticdiscovery" true;
"~*Sensis Web Crawler" true;
"~*SEOChat::Bot" true;
"~*Serious" true;
"~*SeznamBot" true;
"~*Shai" true;
"~*shelob" true;
"~*Shim-Crawler" true;
"~*ShopWiki" true;
"~*Shoula robot" true;
"~*SickleBot" true;
"~*silk" true;
"~*SiteBar" true;
"~*Sitebot" true;
"~*sitecheck" true;
"~*SiteSnagger" true;
"~*Slurpy Verifier" true;
"~*SlySearch" true;
"~*SmartDownload" true;
"~*snagger" true;
"~*Snappy" true;
"~*sna-" true;
"~*Snoopy" true;
"~*sogou spider" true;
"~*sogou" true;
"~*So-net” bat_bot" true;
"~*sootle" true;
"~*Sosospider" true;
"~*SpankBot” bat_bot" true;
"~*spanner” bat_bot" true;
"~*SpeedDownload" true;
"~*Speedy Spider" true;
"~*Spegla" true;
"~*Sphere" true;
"~*Sphider" true;
"~*SpiderBot" true;
"~*sproose" true;
"~*SQ Webscanner" true;
"~*Sqworm" true;
"~*StackRambler" true;
"~*Stamina" true;
"~*Stanford" true;
"~*studybot" true;
"~*suggybot" true;
"~*SuperBot" true;
"~*SuperHTTP" true;
"~*Surfbot" true;
"~*SurfWalker" true;
"~*SurveyBot" true;
"~*!Susie" true;
"~*Susie" true;
"~*suzuran" true;
"~*SynooBot" true;
"~*Szukacz" true;
"~*tAkeOut" true;
"~*TALWinHttpClient" true;
"~*tarspider" true;
"~*Teleport" true;
"~*Telesoft" true;
"~*Templeton" true;
"~*Teoma" true;
"~*TerrawizBot" true;
"~*TestBED" true;
"~*The Intraformant" true;
"~*TheNomad" true;
"~*TheSuBot" true;
"~*Thumbnail.CZ robot" true;
"~*TightTwatBot" true;
"~*TinEye" true;
"~*Titan" true;
"~*toCrawl/UrlDispatcher" true;
"~*True_Robot" true;
"~*truwoGPS" true;
"~*turingos" true;
"~*TurnitinBot" true;
"~*TweetedTimes Bot" true;
"~*TwengaBot" true;
"~*Twisted PageGetter" true;
"~*UCmore" true;
"~*UdmSearch" true;
"~*UMBC" true;
"~*UniversalFeedParser" true;
"~*updated" true;
"~*URD-MAGPIE" true;
"~*URL Control" true;
"~*Urlfilebot" true;
"~*URLGetFile" true;
"~*URL_Spider_Pro" true;
"~*URLy Warning" true;
"~*UtilMind" true;
"~*Vagabondo" true;
"~*vayala" true;
"~*VCI" true;
"~*Vivante Link Checker" true;
"~*vobsub" true;
"~*VoidEYE" true;
"~*VoilaBot" true;
"~*Vortex" true;
"~*voyager" true;
"~*VYU2" true;
"~*W3C-checklink" true;
"~*w3mir" true;
"~*Web2WAP" true;
"~*WebaltBot" true;
"~*WebAuto" true;
"~*WebBandit" true;
"~*WebCapture" true;
"~*webcollage" true;
"~*WebCopier" true;
"~*WebCopy" true;
"~*webcrawler" true;
"~*Web Downloader" true;
"~*WebEMailExtrac" true;
"~*WebEnhancer" true;
"~*WebFetch" true;
"~*WebFilter" true;
"~*WebFountain" true;
"~*WebGo" true;
"~*Web Image Collector" true;
"~*WebLeacher" true;
"~*WebMiner" true;
"~*WebMirror" true;
"~*WebReaper" true;
"~*WebSauger" true;
"~*Website" true;
"~*WebSnake" true;
"~*Websquash.com" true;
"~*WebStripper" true;
"~*Web Sucker" true;
